Input:
0 1 
1 2 
2 1 3 4 
3 5 
4 3 
5 4 
Output:
4 5 3 
2 1 
0 
