Input:
0 1 2 
1 2 
2 0 3 
3 4 
4 5 
5 3 
Output:
5 4 3 
2 1 0 
